warning: unexpected `cfg` condition name: `use_tract`
  --> vendor\livekit-wakeword\src\lib.rs:16:7
   |
16 | #[cfg(use_tract)]
   |       ^^^^^^^^^
   |
   = help: expected names are: `docsrs`, `feature`, and `test` and 31 more
   = help: consider using a Cargo feature instead
   = help: or consider adding in `Cargo.toml` the `check-cfg` lint config for the lint:
            [lints.rust]
            unexpected_cfgs = { level = "warn", check-cfg = ['cfg(use_tract)'] }
   = help: or consider adding `println!("cargo::rustc-check-cfg=cfg(use_tract)");` to the top of the `build.rs`
   = note: see <https://doc.rust-lang.org/nightly/rustc/check-cfg/cargo-specifics.html> for more information about checking conditional configuration
   = note: `#[warn(unexpected_cfgs)]` on by default

warning: unexpected `cfg` condition name: `use_tract`
  --> vendor\livekit-wakeword\src\lib.rs:21:7
   |
21 | #[cfg(use_tract)]
   |       ^^^^^^^^^
   |
   = help: consider using a Cargo feature instead
   = help: or consider adding in `Cargo.toml` the `check-cfg` lint config for the lint:
            [lints.rust]
            unexpected_cfgs = { level = "warn", check-cfg = ['cfg(use_tract)'] }
   = help: or consider adding `println!("cargo::rustc-check-cfg=cfg(use_tract)");` to the top of the `build.rs`
   = note: see <https://doc.rust-lang.org/nightly/rustc/check-cfg/cargo-specifics.html> for more information about checking conditional configuration

warning: unexpected `cfg` condition name: `use_tract`
  --> vendor\livekit-wakeword\src\lib.rs:24:7
   |
24 | #[cfg(use_tract)]
   |       ^^^^^^^^^
   |
   = help: consider using a Cargo feature instead
   = help: or consider adding in `Cargo.toml` the `check-cfg` lint config for the lint:
            [lints.rust]
            unexpected_cfgs = { level = "warn", check-cfg = ['cfg(use_tract)'] }
   = help: or consider adding `println!("cargo::rustc-check-cfg=cfg(use_tract)");` to the top of the `build.rs`
   = note: see <https://doc.rust-lang.org/nightly/rustc/check-cfg/cargo-specifics.html> for more information about checking conditional configuration

warning: unexpected `cfg` condition name: `use_tract`
  --> vendor\livekit-wakeword\src\lib.rs:78:11
   |
78 |     #[cfg(use_tract)]
   |           ^^^^^^^^^
   |
   = help: consider using a Cargo feature instead
   = help: or consider adding in `Cargo.toml` the `check-cfg` lint config for the lint:
            [lints.rust]
            unexpected_cfgs = { level = "warn", check-cfg = ['cfg(use_tract)'] }
   = help: or consider adding `println!("cargo::rustc-check-cfg=cfg(use_tract)");` to the top of the `build.rs`
   = note: see <https://doc.rust-lang.org/nightly/rustc/check-cfg/cargo-specifics.html> for more information about checking conditional configuration

warning: unexpected `cfg` condition name: `use_tract`
  --> vendor\livekit-wakeword\src\lib.rs:84:11
   |
84 |     #[cfg(use_tract)]
   |           ^^^^^^^^^
   |
   = help: consider using a Cargo feature instead
   = help: or consider adding in `Cargo.toml` the `check-cfg` lint config for the lint:
            [lints.rust]
            unexpected_cfgs = { level = "warn", check-cfg = ['cfg(use_tract)'] }
   = help: or consider adding `println!("cargo::rustc-check-cfg=cfg(use_tract)");` to the top of the `build.rs`
   = note: see <https://doc.rust-lang.org/nightly/rustc/check-cfg/cargo-specifics.html> for more information about checking conditional configuration

warning: handy@0.8.3: Generated tray translations: 20 languages, 7 fields
warning: `livekit-wakeword` (lib) generated 5 warnings
warning: unused import: `warn`
 --> src\managers\audio.rs:8:31
  |
8 | use log::{debug, error, info, warn};
  |                               ^^^^
  |
  = note: `#[warn(unused_imports)]` (part of `#[warn(unused)]`) on by default

warning: unused variable: `has_wakeword`
   --> src\managers\audio.rs:247:13
    |
247 |         let has_wakeword = false;
    |             ^^^^^^^^^^^^ help: if this is intentional, prefix it with an underscore: `_has_wakeword`
    |
    = note: `#[warn(unused_variables)]` (part of `#[warn(unused)]`) on by default

warning: method `preload_wakeword` is never used
   --> src\managers\audio.rs:338:12
    |
219 | impl AudioRecordingManager {
    | -------------------------- method in this implementation
...
338 |     pub fn preload_wakeword(&self) -> Result<(), anyhow::Error> {
    |            ^^^^^^^^^^^^^^^^
    |
    = note: `#[warn(dead_code)]` (part of `#[warn(unused)]`) on by default

warning: `handy` (lib) generated 3 warnings (run `cargo fix --lib -p handy` to apply 2 suggestions)
   Compiling handy v0.8.3 (F:\projects\Handy\src-tauri)
    Finished `release` profile [optimized] target(s) in 4m 36s
EXIT_CODE=0 
